// Jest Snapshot v1, https://goo.gl/fbAQLP

exports[`Type alias 1`] = `
"declare module \\"out/index\\" {
    /**
     * Function.
     */
    export function f(p1: number, p2: string): void;
    /**
     * Variable.
     */
    export const v: number;
    /**
     * Class.
     */
    export class C {
        /**
         * Constructor.
         */
        constructor();
        /**
         * Property
         */
        p: number;
        /**
         * Get accessor.
         */
        get a(): number;
        /**
         * Set accessor.
         */
        set a(value: number);
        /**
         * Method.
         */
        m(p1: number, p2: number): void;
    }
    export namespace bar {
        export class Bar {
        }
    }
    /**
     * Namespace2.
     */
    export namespace Ns { }
    /**
     * Var referencing unexported namespace.
     */
    export const varReferencingUnexportedNamespace: Function & typeof __private._foo__UnexportedNamespace;
    export namespace __private {
        export namespace _foo__UnexportedNamespace {
            /**
             * Unexported namespace member function.
             */
            export const memberVar: number;
            /**
             * Unexported namespace member function.
             */
            export function memberFunction(): void;
            /**
             * Unexported namespace member class.
             */
            export class MemberClass {
            }
            /**
             * Unexported namespace member interface.
             */
            export interface MemberInterface {
            }
        }
    }
    export {};
}
"
`;
